2025-04-08 16:30:20 - 🌿 Branch corrente: dev
2025-04-08 16:30:20 - 🔄 Sincronizzazione modulo: bashscripts
2025-04-08 16:30:24 - 🔄 Sincronizzazione modulo: laravel/Modules/Xot
2025-04-08 17:30:21 - 🔄 Sincronizzazione modulo: laravel/Modules/Job
2025-04-08 16:30:34 - 🔄 Sincronizzazione modulo: laravel/Modules/User
2025-04-08 16:30:38 - 🔄 Sincronizzazione modulo: laravel/Modules/Media
2025-04-08 16:30:42 - 🔄 Sincronizzazione modulo: laravel/Modules/Notify
2025-04-08 16:30:47 - 🔄 Sincronizzazione modulo: laravel/Modules/Tenant
2025-04-08 16:30:51 - 🔄 Sincronizzazione modulo: laravel/Modules/UI
2025-04-08 16:30:56 - 🔄 Sincronizzazione modulo: laravel/Modules/Activity
2025-04-08 16:31:00 - 🔄 Sincronizzazione modulo: laravel/Modules/Gdpr
2025-04-08 16:31:04 - 🔄 Sincronizzazione modulo: laravel/Modules/Lang
2025-04-08 16:31:09 - 🔄 Sincronizzazione modulo: laravel/Themes/One
2025-04-08 16:31:14 - 🧹 Pulizia del repository...
2025-04-08 16:31:24 - ✅ Sincronizzazione completata con history ottimizzata!
2025-04-08 16:33:01 - 🌿 Branch corrente: dev
2025-04-08 16:33:01 - 🔄 Sincronizzazione modulo: bashscripts
2025-04-08 16:33:06 - 🔄 Sincronizzazione modulo: laravel/Modules/Xot
2025-04-08 16:33:10 - 🔄 Sincronizzazione modulo: laravel/Modules/Job
2025-04-08 16:33:15 - 🔄 Sincronizzazione modulo: laravel/Modules/User
2025-04-08 16:33:20 - 🔄 Sincronizzazione modulo: laravel/Modules/Media
2025-04-08 16:33:24 - 🔄 Sincronizzazione modulo: laravel/Modules/Notify
2025-04-08 16:33:29 - 🔄 Sincronizzazione modulo: laravel/Modules/Tenant
2025-04-08 16:33:34 - 🔄 Sincronizzazione modulo: laravel/Modules/UI
2025-04-08 16:33:39 - 🔄 Sincronizzazione modulo: laravel/Modules/Activity
2025-04-08 16:33:43 - 🔄 Sincronizzazione modulo: laravel/Modules/Gdpr
2025-04-08 16:33:48 - 🔄 Sincronizzazione modulo: laravel/Modules/Lang
2025-04-08 16:33:52 - 🔄 Sincronizzazione modulo: laravel/Themes/One
2025-04-08 16:34:07 - 🧹 Pulizia del repository...
2025-04-08 16:34:17 - ✅ Sincronizzazione completata con history ottimizzata!
2025-04-08 16:47:30 - 🌿 Branch corrente: dev
2025-04-08 16:47:31 - 🔄 Sincronizzazione modulo: bashscripts
2025-04-08 16:47:36 - 🔄 Sincronizzazione modulo: laravel/Modules/Xot
2025-04-08 16:47:41 - 🔄 Sincronizzazione modulo: laravel/Modules/Job
2025-04-08 16:47:47 - 🔄 Sincronizzazione modulo: laravel/Modules/User
2025-04-08 16:47:52 - 🔄 Sincronizzazione modulo: laravel/Modules/Media
2025-04-08 16:47:57 - 🔄 Sincronizzazione modulo: laravel/Modules/Notify
2025-04-08 16:48:03 - 🔄 Sincronizzazione modulo: laravel/Modules/Tenant
2025-04-08 16:48:09 - 🔄 Sincronizzazione modulo: laravel/Modules/UI
2025-04-08 16:48:14 - 🔄 Sincronizzazione modulo: laravel/Modules/Activity
2025-04-08 16:48:20 - 🔄 Sincronizzazione modulo: laravel/Modules/Gdpr
2025-04-08 17:48:17 - 🔄 Sincronizzazione modulo: laravel/Modules/Lang
2025-04-08 17:48:22 - 🔄 Sincronizzazione modulo: laravel/Themes/One
2025-04-08 16:48:43 - 🧹 Pulizia del repository...
2025-04-08 16:48:53 - ✅ Sincronizzazione completata con history ottimizzata!
2025-04-10 15:31:37 - 🌿 Branch corrente: dev
2025-04-10 15:31:37 - 🔄 Sincronizzazione modulo: bashscripts
2025-04-10 15:31:42 - 🔄 Sincronizzazione modulo: laravel/Modules/Xot
2025-04-10 15:31:42 - ⚠️ Sincronizzazione fallita per laravel/Modules/Xot.
2025-04-10 15:31:42 - 🔄 Sincronizzazione modulo: laravel/Modules/Job
2025-04-10 15:31:42 - ⚠️ Sincronizzazione fallita per laravel/Modules/Job.
2025-04-10 15:31:42 - 🔄 Sincronizzazione modulo: laravel/Modules/User
2025-04-10 15:31:42 - ⚠️ Sincronizzazione fallita per laravel/Modules/User.
2025-04-10 15:31:42 - 🔄 Sincronizzazione modulo: laravel/Modules/Media
2025-04-10 15:31:42 - ⚠️ Sincronizzazione fallita per laravel/Modules/Media.
2025-04-10 15:31:42 - 🔄 Sincronizzazione modulo: laravel/Modules/Notify
2025-04-10 15:31:42 - ⚠️ Sincronizzazione fallita per laravel/Modules/Notify.
2025-04-10 15:31:42 - 🔄 Sincronizzazione modulo: laravel/Modules/Tenant
2025-04-10 15:31:42 - ⚠️ Sincronizzazione fallita per laravel/Modules/Tenant.
2025-04-10 15:31:42 - 🔄 Sincronizzazione modulo: laravel/Modules/UI
2025-04-10 15:31:42 - ⚠️ Sincronizzazione fallita per laravel/Modules/UI.
2025-04-10 15:31:42 - 🔄 Sincronizzazione modulo: laravel/Modules/Activity
2025-04-10 15:31:42 - ⚠️ Sincronizzazione fallita per laravel/Modules/Activity.
2025-04-10 15:31:42 - 🔄 Sincronizzazione modulo: laravel/Modules/Gdpr
2025-04-10 15:31:42 - ⚠️ Sincronizzazione fallita per laravel/Modules/Gdpr.
2025-04-10 15:31:42 - 🔄 Sincronizzazione modulo: laravel/Modules/Lang
2025-04-10 15:31:42 - ⚠️ Sincronizzazione fallita per laravel/Modules/Lang.
2025-04-10 15:31:42 - 🔄 Sincronizzazione modulo: laravel/Themes/One
2025-04-10 15:31:42 - ⚠️ Sincronizzazione fallita per laravel/Themes/One.
2025-04-10 15:31:42 - 🧹 Pulizia del repository...
2025-04-10 15:31:54 - ✅ Sincronizzazione completata con history ottimizzata!
2025-04-10 15:38:25 - 🌿 Branch corrente: dev
2025-04-10 15:38:25 - 🔄 Sincronizzazione modulo: bashscripts
2025-04-10 15:38:29 - 🔄 Sincronizzazione modulo: laravel/Modules/Xot
2025-04-10 15:38:40 - 🔄 Sincronizzazione modulo: laravel/Modules/Job
2025-04-10 15:38:51 - 🔄 Sincronizzazione modulo: laravel/Modules/User
2025-04-10 15:38:59 - 🔄 Sincronizzazione modulo: laravel/Modules/Media
2025-04-10 15:39:08 - 🔄 Sincronizzazione modulo: laravel/Modules/Notify
